[3gH    H    H    H    H    H    H    H    H    H    H    H    H    H    H    H    H    H    H    H   [INFO] Using python from: /media/user/data1/joshua/conda_envs/isaaclab/bin/python
[Warning] [simulation_app.simulation_app] Modules: ['omni.kit_app'] were loaded before SimulationApp was started and might not be loaded correctly.
[Warning] [simulation_app.simulation_app] Please check to make sure no extra omniverse or pxr modules are imported before the call to SimulationApp(...)
Loading user config located at: '/media/user/data1/joshua/conda_envs/isaaclab/lib/python3.10/site-packages/omni/data/Kit/Isaac-Sim/4.5/user.config.json'
[Info] [carb] Logging to file: /media/user/data1/joshua/conda_envs/isaaclab/lib/python3.10/site-packages/omni/logs/Kit/Isaac-Sim/4.5/kit_20260815_193107.log
2026-08-15 11:31:07 [0ms] [Warning] [omni.kit.app.plugin] No crash reporter present, dumps uploading isn't available.
2026-08-15 11:31:07 [1ms] [Warning] [omni.ext.plugin] [ext: rendering_modes] Extensions config 'extension.toml' doesn't exist '/media/user/data1/joshua/IsaacLab/apps/rendering_modes' or '/media/user/data1/joshua/IsaacLab/apps/rendering_modes/config'
2026-08-15 11:31:07 [90ms] [Warning] [omni.datastore] OmniHub is inaccessible
2026-08-15 11:31:07 [101ms] [Warning] [carb.windowing-glfw.plugin] GLFW initialization failed.
2026-08-15 11:31:07 [101ms] [Warning] [carb] Failed to startup plugin carb.windowing-glfw.plugin (interfaces: [carb::windowing::IGLContext v1.0],[carb::windowing::IWindowing v1.5]) (impl: carb.windowing-glfw.plugin)
2026-08-15 11:31:07 [112ms] [Warning] [omni.platforminfo.plugin] failed to open the default display.  Can't verify X Server version.
2026-08-15 11:31:07 [203ms] [Warning] [carb.windowing-glfw.plugin] GLFW initialization failed.
2026-08-15 11:31:07 [203ms] [Warning] [carb] Failed to startup plugin carb.windowing-glfw.plugin (interfaces: [carb::windowing::IGLContext v1.0],[carb::windowing::IWindowing v1.5]) (impl: carb.windowing-glfw.plugin)
2026-08-15 11:31:07 [203ms] [Error] [carb.glinterop.plugin] GLInteropContext::init: carb::windowing is not available
2026-08-15 11:31:07 [203ms] [Warning] [carb.cudainterop.plugin] CUDA_VISIBLE_DEVICES environment variable is set.
2026-08-15 11:31:07 [203ms] [Warning] [carb.cudainterop.plugin] Note CUDA device enumeration and Omniverse device enumeration are different.
2026-08-15 11:31:07 [203ms] [Warning] [carb.cudainterop.plugin] Setting CUDA_VISIBLE_DEVICES can lead to undesired behavior or crashes.
2026-08-15 11:31:07 [320ms] [Warning] [gpu.foundation.plugin] Skipping NVIDIA GPU due CUDA being in bad state: NVIDIA GeForce RTX 4090
2026-08-15 11:31:07 [321ms] [Warning] [gpu.foundation.plugin] Please restart your system if CUDA is known to work in your system.
2026-08-15 11:31:07 [321ms] [Warning] [gpu.foundation.plugin] Skipping NVIDIA GPU due CUDA being in bad state: NVIDIA GeForce RTX 4090
2026-08-15 11:31:07 [321ms] [Warning] [gpu.foundation.plugin] Please restart your system if CUDA is known to work in your system.

|---------------------------------------------------------------------------------------------|
| Driver Version: 580.173.02    | Graphics API: Vulkan
|=============================================================================================|
| GPU | Name                             | Active | LDA | GPU Memory | Vendor-ID | LUID       |
|     |                                  |        |     |            | Device-ID | UUID       |
|     |                                  |        |     |            | Bus-ID    |            |
|---------------------------------------------------------------------------------------------|
| 0   | NVIDIA GeForce RTX 4090          |        |     | 24564   MB | 10de      | 0          |
|     |                                  |        |     |            | 2684      | 84fcdbad.. |
|     |                                  |        |     |            | 1         |            |
|---------------------------------------------------------------------------------------------|
| 1   | NVIDIA GeForce RTX 4090          | Yes: 0 |     | 24564   MB | 10de      | 0          |
|     |                                  |        |     |            | 2684      | bcc4cb28.. |
|     |                                  |        |     |            | 3         |            |
|=============================================================================================|
| OS: 22.04.5 LTS (Jammy Jellyfish) ubuntu, Version: 22.04.5, Kernel: 6.8.0-136-generic
| Processor: AMD Ryzen 9 9950X3D 16-Core Processor
| Cores: 16 | Logical Cores: 32
|---------------------------------------------------------------------------------------------|
| Total Memory (MB): 255268 | Free Memory: 224180
| Total Page/Swap (MB): 19530 | Free Page/Swap: 19529
|---------------------------------------------------------------------------------------------|
2026-08-15 11:31:08 [598ms] [Warning] [gpu.foundation.plugin] IOMMU is enabled.
2026-08-15 11:31:08 [598ms] [Warning] [gpu.foundation.plugin] Detected IOMMU is enabled. Running CUDA peer-to-peer bandwidth and latency validation.
Unidirectional P2P=Enabled Bandwidth (P2P Writes) Matrix (GB/s)
   D\D     0 
     0 918.04 
P2P=Enabled Latency (P2P Writes) Matrix (us)
   GPU     0 
     0   1.45 

   CPU     0 
     0   1.70 
2026-08-15 11:31:08 [919ms] [Warning] [carb.windowing-glfw.plugin] GLFW initialization failed.
2026-08-15 11:31:08 [919ms] [Warning] [carb] Failed to startup plugin carb.windowing-glfw.plugin (interfaces: [carb::windowing::IGLContext v1.0],[carb::windowing::IWindowing v1.5]) (impl: carb.windowing-glfw.plugin)
2026-08-15 11:31:08 [930ms] [Warning] [carb.windowing-glfw.plugin] GLFW initialization failed.
2026-08-15 11:31:08 [930ms] [Warning] [carb] Failed to startup plugin carb.windowing-glfw.plugin (interfaces: [carb::windowing::IGLContext v1.0],[carb::windowing::IWindowing v1.5]) (impl: carb.windowing-glfw.plugin)
2026-08-15 11:31:08 [934ms] [Warning] [carb.windowing-glfw.plugin] GLFW initialization failed.
2026-08-15 11:31:08 [934ms] [Warning] [carb] Failed to startup plugin carb.windowing-glfw.plugin (interfaces: [carb::windowing::IGLContext v1.0],[carb::windowing::IWindowing v1.5]) (impl: carb.windowing-glfw.plugin)
2026-08-15 11:31:08 [943ms] [Warning] [carb.windowing-glfw.plugin] GLFW initialization failed.
2026-08-15 11:31:08 [943ms] [Warning] [carb] Failed to startup plugin carb.windowing-glfw.plugin (interfaces: [carb::windowing::IGLContext v1.0],[carb::windowing::IWindowing v1.5]) (impl: carb.windowing-glfw.plugin)
2026-08-15 11:31:08 [944ms] [Warning] [carb.windowing-glfw.plugin] GLFW initialization failed.
2026-08-15 11:31:08 [944ms] [Warning] [carb] Failed to startup plugin carb.windowing-glfw.plugin (interfaces: [carb::windowing::IGLContext v1.0],[carb::windowing::IWindowing v1.5]) (impl: carb.windowing-glfw.plugin)
2026-08-15 11:31:08 [945ms] [Warning] [carb.windowing-glfw.plugin] GLFW initialization failed.
2026-08-15 11:31:08 [945ms] [Warning] [carb] Failed to startup plugin carb.windowing-glfw.plugin (interfaces: [carb::windowing::IGLContext v1.0],[carb::windowing::IWindowing v1.5]) (impl: carb.windowing-glfw.plugin)
2026-08-15 11:31:08 [1,131ms] [Warning] [omni.isaac.dynamic_control] omni.isaac.dynamic_control is deprecated as of Isaac Sim 4.5. No action is needed from end-users.
2026-08-15 11:31:09 [1,958ms] [Warning] [omni.log] Source: omni.hydra was already registered.
2026-08-15 11:31:09 [2,242ms] [Warning] [omni.replicator.core.scripts.extension] No material configuration file, adding configuration to material settings directly.
2026-08-15 11:31:10 [3,339ms] [Warning] [omni.usd-abi.plugin] No setting was found for '/rtx-defaults/ambientOcclusion/enabled'
2026-08-15 11:31:10 [3,339ms] [Warning] [omni.usd-abi.plugin] No setting was found for '/rtx-defaults/directLighting/sampledLighting/enabled'
2026-08-15 11:31:10 [3,339ms] [Warning] [omni.usd-abi.plugin] No setting was found for '/rtx-defaults/indirectDiffuse/enabled'
2026-08-15 11:31:10 [3,339ms] [Warning] [omni.usd-abi.plugin] No setting was found for '/rtx-defaults/raytracing/cached/enabled'
2026-08-15 11:31:10 [3,339ms] [Warning] [omni.usd-abi.plugin] No setting was found for '/rtx-defaults/reflections/enabled'
2026-08-15 11:31:10 [3,339ms] [Warning] [omni.usd-abi.plugin] No setting was found for '/rtx-defaults/sceneDb/ambientLightIntensity'
2026-08-15 11:31:10 [3,339ms] [Warning] [omni.usd-abi.plugin] No setting was found for '/rtx-defaults/translucency/enabled'
2026-08-15 11:31:10 [3,339ms] [Warning] [omni.usd-abi.plugin] No setting was found for '/rtx-defaults/viewTile/limit'
2026-08-15 11:31:10 [3,413ms] [Warning] [rtx.scenedb.plugin] SceneDbContext : TLAS limit buffer size 2908577024
2026-08-15 11:31:10 [3,413ms] [Warning] [rtx.scenedb.plugin] SceneDbContext : TLAS limit : valid true, within: false
2026-08-15 11:31:11 [3,474ms] [Warning] [omni.usd-abi.plugin] No setting was found for '/rtx-defaults/directLighting/sampledLighting/samplesPerPixel'
2026-08-15 11:31:11 [3,474ms] [Warning] [omni.usd-abi.plugin] No setting was found for '/rtx-defaults/pathtracing/maxSamplesPerLaunch'
2026-08-15 11:31:11 [3,475ms] [Warning] [omni.usd-abi.plugin] No setting was found for '/rtx-defaults-transient/meshlights/forceDisable'
2026-08-15 11:31:11 [3,497ms] [Warning] [omni.usd-abi.plugin] No setting was found for '/rtx-defaults/post/dlss/execMode'
2026-08-15 11:31:12 [5,222ms] [Warning] [isaaclab.envs.manager_based_env] Seed not set for the environment. The environment creation may not be deterministic.
2026-08-15 11:31:12 [5,222ms] [Warning] [isaaclab.sim.simulation_context] The `disable_contact_processing` attribute is deprecated and always set to True to avoid unnecessary overhead. Contact processing is automatically enabled when a contact sensor is created, so manual configuration is no longer required.
2026-08-15 11:31:12 [5,260ms] [Warning] [isaaclab.envs.manager_based_env] The render interval (4) is smaller than the decimation (40). Multiple render calls will happen for each environment step. If this is not intended, set the render interval to be equal to the decimation.
2026-08-15 11:31:15 [7,525ms] [Warning] [omni.hydra.scene_delegate.plugin] Calling getBypassRenderSkelMeshProcessing for prim /World/envs/env_0//media/user/data1/joshua/conda_envs/isaaclab/lib/python3.10/site-packages/gymnasium/wrappers/rendering.py:296: UserWarning: [33mWARN: Overwriting existing videos at /media/user/data1/joshua/IsaacLab/logs/rsl_rl/scout_mini_navigation_ppo/2026-08-15_14-30-39/videos/play folder (try specifying a different `video_folder` for the `RecordVideo` wrapper if this is not desired)[0m
  logger.warn(
[INFO][AppLauncher]: Using device: cuda:0
[INFO][AppLauncher]: Loading experience file: /media/user/data1/joshua/IsaacLab/apps/isaaclab.python.headless.rendering.kit
================================================================================
Initializing depth noise generator for navigation observation:
  Resolution: (64, 40)
  Depth range: [0.3, 20.0]
  Feature dim: 64
  Encoder path: /home/joshua/sru_ws/src/sru_retrain/exts/navigation_template/navigation_template/assets/data/Policies/depth_encoder/vae_pretrain_new.pth
  Use JIT: False
[92mSuccessfully loaded pre-trained weights from /home/joshua/sru_ws/src/sru_retrain/exts/navigation_template/navigation_template/assets/data/Policies/depth_encoder/vae_pretrain_new.pth[0m
  Depth noise generator initialized successfully
================================================================================
[INFO]: Parsing configuration from: <class 'navigation_template.env_config.scout_mini_env_cfg.ScoutMiniNavigationEnvCfg_PLAY'>
[INFO]: Parsing configuration from: <class 'navigation_template.agent_config.agents.rsl_rl_cfg.ScoutMiniNavPPORunnerCfg'>
[INFO] Loading experiment from directory: /media/user/data1/joshua/IsaacLab/logs/rsl_rl/scout_mini_navigation_ppo
[INFO]: Base environment:
	Environment device    : cuda:0
	Environment seed      : None
	Physics step-size     : 0.005
	Rendering step-size   : 0.02
	Environment step-size : 0.2
[INFO] Generating terrains randomly took : 0.303217 seconds
[INFO]: Time taken for scene creation : 1.792202 seconds
[INFO]: Scene manager:  <class InteractiveScene>
	Number of environments: 4
	Environment spacing   : 2.5
	Source prim name      : /World/envs/env_0
	Global prim paths     : ['/World/ground']
	Replicate physics     : False
[INFO]: Starting the simulation. This may take a few seconds. Please wait...
[INFO]: Time taken for simulation start : 0.618651 seconds
[INFO] Command Manager:  <CommandManager> contains 1 active terms.
+-------------------------------------------------+
|               Active Command Terms              |
+-------+------------+----------------------------+
| Index | Name       |            Type            |
+-------+------------+----------------------------+
|   0   | robot_goal | RobotNavigationGoalCommand |
+-------+------------+----------------------------+

[INFO] Event Manager:  <EventManager> contains 2 active terms.
+--------------------------------------+
| Active Event Terms in Mode: 'startup' |
+----------+---------------------------+
|  Index   | Name                      |
+----------+---------------------------+
|    0     | physics_material          |
+----------+---------------------------+
+-----------------------------------------+
|   Active Event Terms in Mode: 'reset'   |
+-------+---------------------------------+
| Index | Name                            |
+-------+---------------------------------+
|   0   | reset_base                      |
|   1   | reset_robot_joints              |
|   2   | randomize_camera_height         |
|   3   | reset_delay_buffer              |
|   4   | randomize_low_pass_filter_alpha |
+-------+---------------------------------+

[INFO] Recorder Manager:  <RecorderManager> contains 0 active terms.
+---------------------+
| Active Recorder Terms |
+-----------+---------+
|   Index   | Name    |
+-----------+---------+
+-----------+---------+

[INFO] Action Manager:  <ActionManager> contains 1 active terms.
+--------------------------------------+
|    Active Action Terms (shape: 2)    |
+-------+------------------+-----------+
| Index | Name             | Dimension |
+-------+------------------+-----------+
|   0   | velocity_command |         2 |
+-------+------------------+-----------+

Initializing height scan feature encoder...
[92mSuccessfully loaded pre-trained weights from /home/joshua/sru_ws/src/sru_retrain/exts/navigation_template/navigation_template/assets/data/Policies/heightscan_encoder/vae_heightscan3.pth[0m
[INFO] Observation Manager: <ObservationManager> contains 3 groups.
+------------------------------------------+
| Active Observation Terms in Group: 'metrics' |
+------------+----------------+------------+
|   Index    | Name           |   Shape    |
+------------+----------------+------------+
|     0      | in_goal        |    (1,)    |
+------------+----------------+------------+
+------------------------------------------------------------+
| Active Observation Terms in Group: 'policy' (shape: (2575,)) |
+-----------+--------------------------------+---------------+
|   Index   | Name                           |     Shape     |
+-----------+--------------------------------+---------------+
|     0     | base_lin_vel                   |      (3,)     |
|     1     | base_ang_vel                   |      (3,)     |
|     2     | projected_gravity              |      (3,)     |
|     3     | last_action                    |      (2,)     |
|     4     | target_position                |      (4,)     |
|     5     | depth_image                    |    (2560,)    |
+-----------+--------------------------------+---------------+
+------------------------------------------------------------+
| Active Observation Terms in Group: 'critic' (shape: (5712,)) |
+-----------+---------------------------------+--------------+
|   Index   | Name                            |    Shape     |
+-----------+---------------------------------+--------------+
|     0     | base_lin_vel                    |     (3,)     |
|     1     | base_ang_vel                    |     (3,)     |
|     2     | projected_gravity               |     (3,)     |
|     3     | last_action                     |     (2,)     |
|     4     | target_position                 |     (4,)     |
|     5     | time_normalized                 |     (1,)     |
|     6     | height_scan_critic              |   (3136,)    |
|     7     | depth_image                     |   (2560,)    |
+-----------+---------------------------------+--------------+

[INFO] Termination Manager:  <TerminationManager> contains 5 active terms.
+--------------------------------------+
|       Active Termination Terms       |
+-------+-------------------+----------+
| Index | Name              | Time Out |
+-------+-------------------+----------+
|   0   | time_out          |   True   |
|   1   | base_contact      |  False   |
|   2   | large_pitch_angle |  False   |
|   3   | early_termination |   True   |
|   4   | terrain_fall      |   True   |
+-------+-------------------+----------+

[INFO] Reward Manager:  <RewardManager> contains 7 active terms.
+--------------------------------------------+
|            Active Reward Terms             |
+-------+---------------------------+--------+
| Index | Name                      | Weight |
+-------+---------------------------+--------+
|   0   | joint_acc_l2_joint        | -1e-07 |
|   1   | rot_movement              | -1e-05 |
|   2   | action_rate_l1            |   -0.1 |
|   3   | episode_termination       |  -50.0 |
|   4   | reach_goal_xy_soft        |   0.25 |
|   5   | reach_goal_xy_tight       |    1.5 |
|   6   | backward_movement_penalty |   -0.0 |
+-------+---------------------------+--------+

[INFO] Curriculum Manager:  <CurriculumManager> contains 1 active terms.
+----------------------------------+
|     Active Curriculum Terms      |
+-------+--------------------------+
| Index | Name                     |
+-------+--------------------------+
|   0   | disable_backward_penalty |
+-------+--------------------------+

[INFO]: Completed setting up the environment...
[INFO] Recording videos during training.
        video_folder: /media/user/data1/joshua/IsaacLab/logs/rsl_rl/scout_mini_navigation_ppo/2026-08-15_14-30-39/videos/play
        step_trigger: lambda step: step == 0
        video_length: 300
        disable_logger: True
[INFO]: Loading model checkpoint from: /media/user/data1/joshua/IsaacLab/logs/rsl_rl/scout_mini_navigation_ppo/2026-08-15_14-30-39/model_2999.pt
num obs 2575
num critic obs 5712
[MemorySRU] Init: input_size=79, num_layers=1, hidden_size=512
[MemorySRU] Init: input_size=143, num_layers=1, hidden_size=512
Robot/front_right_wheel_link/visuals.proto_cylinder_id0 that has not been populated
2026-08-15 11:31:19 [11,701ms] [Warning] [omni.syntheticdata.plugin] OgnSdPostRenderVarToHost : rendervar copy from texture directly to host buffer is counter-performant. Please use copy from texture to device buffer first.
